[INFO] Scanning for projects...
[INFO] 
[INFO] --------------------------< com.ai:deepcode >---------------------------
[INFO] Building deepcode 0.0.1-SNAPSHOT
[INFO] --------------------------------[ jar ]---------------------------------
[INFO] 
[INFO] --- maven-resources-plugin:3.3.1:resources (default-resources) @ deepcode ---
[INFO] Copying 1 resource from src\main\resources to target\classes
[INFO] Copying 5 resources from src\main\resources to target\classes
[INFO] 
[INFO] --- maven-compiler-plugin:3.14.1:compile (default-compile) @ deepcode ---
[INFO] Nothing to compile - all classes are up to date.
[INFO] 
[INFO] --- maven-resources-plugin:3.3.1:testResources (default-testResources) @ deepcode ---
[INFO] skip non existing resourceDirectory C:\Users\sando\OneDrive\Desktop\deepcode\api\src\test\resources
[INFO] 
[INFO] --- maven-compiler-plugin:3.14.1:testCompile (default-testCompile) @ deepcode ---
[INFO] Recompiling the module because of changed source code.
[INFO] Compiling 3 source files with javac [debug parameters release 17] to target\test-classes
[INFO] -------------------------------------------------------------
[ERROR] COMPILATION ERROR : 
[INFO] -------------------------------------------------------------
[ERROR] /C:/Users/sando/OneDrive/Desktop/deepcode/api/src/test/java/com/ai/deepcode/controller/AiControllerRAGThinTest.java:[98,9] cannot find symbol
  symbol:   class Project
  location: class com.ai.deepcode.controller.AiControllerRAGThinTest
[ERROR] /C:/Users/sando/OneDrive/Desktop/deepcode/api/src/test/java/com/ai/deepcode/controller/AiControllerRAGThinTest.java:[98,31] cannot find symbol
  symbol:   class Project
  location: class com.ai.deepcode.controller.AiControllerRAGThinTest
[ERROR] /C:/Users/sando/OneDrive/Desktop/deepcode/api/src/test/java/com/ai/deepcode/controller/AiControllerRAGThinTest.java:[107,14] cannot find symbol
  symbol:   variable projectRepository
  location: class com.ai.deepcode.controller.AiControllerRAGThinTest
[ERROR] /C:/Users/sando/OneDrive/Desktop/deepcode/api/src/test/java/com/ai/deepcode/controller/AiControllerRAGThinTest.java:[108,14] cannot find symbol
  symbol:   variable chunkRepository
  location: class com.ai.deepcode.controller.AiControllerRAGThinTest
[INFO] 4 errors 
[INFO] -------------------------------------------------------------
[INFO] ------------------------------------------------------------------------
[INFO] BUILD FAILURE
[INFO] ------------------------------------------------------------------------
[INFO] Total time:  3.458 s
[INFO] Finished at: 2026-01-18T23:52:08+01:00
[INFO] ------------------------------------------------------------------------
[ERROR] Failed to execute goal org.apache.maven.plugins:maven-compiler-plugin:3.14.1:testCompile (default-testCompile) on project deepcode: Compilation failure: Compilation failure: 
[ERROR] /C:/Users/sando/OneDrive/Desktop/deepcode/api/src/test/java/com/ai/deepcode/controller/AiControllerRAGThinTest.java:[98,9] cannot find symbol
[ERROR]   symbol:   class Project
[ERROR]   location: class com.ai.deepcode.controller.AiControllerRAGThinTest
[ERROR] /C:/Users/sando/OneDrive/Desktop/deepcode/api/src/test/java/com/ai/deepcode/controller/AiControllerRAGThinTest.java:[98,31] cannot find symbol
[ERROR]   symbol:   class Project
[ERROR]   location: class com.ai.deepcode.controller.AiControllerRAGThinTest
[ERROR] /C:/Users/sando/OneDrive/Desktop/deepcode/api/src/test/java/com/ai/deepcode/controller/AiControllerRAGThinTest.java:[107,14] cannot find symbol
[ERROR]   symbol:   variable projectRepository
[ERROR]   location: class com.ai.deepcode.controller.AiControllerRAGThinTest
[ERROR] /C:/Users/sando/OneDrive/Desktop/deepcode/api/src/test/java/com/ai/deepcode/controller/AiControllerRAGThinTest.java:[108,14] cannot find symbol
[ERROR]   symbol:   variable chunkRepository
[ERROR]   location: class com.ai.deepcode.controller.AiControllerRAGThinTest
[ERROR] -> [Help 1]
[ERROR] 
[ERROR] To see the full stack trace of the errors, re-run Maven with the -e switch.
[ERROR] Re-run Maven using the -X switch to enable full debug logging.
[ERROR] 
[ERROR] For more information about the errors and possible solutions, please read the following articles:
[ERROR] [Help 1] http://cwiki.apache.org/confluence/display/MAVEN/MojoFailureException
